{
  "scores": {
    "all_sample": 1.0658141036401503e-14,
    "baseline": 1.0658141036401503e-14,
    "post": 8.8817841970012523e-15,
    "delta": 1.2434497875801753e-14
  },
  "n_models": [237, 21],
  "OLS_max_error": 3.3861802251067274e-14,
  "candidate_common": {
    "estimate": 0.60620711350823198,
    "se": 0.22559228659202685,
    "lower": 0.15495535397498406,
    "upper": 1.05745887304148,
    "p": 0.00931001046726441
  },
  "candidate_CT": {
    "r": 0.92872218998839773,
    "CI": [0.88537289155191412, 0.95605986324783909],
    "P": 7.6852626482250937e-29,
    "max_error": 8.8817841970012523e-16,
    "shared_genes": ["AQP8", "GUCA2A", "SLC26A3", "MS4A12"]
  },
  "max_logistic_error": 6.3375476668348085e-05,
  "BH_max_error": 0.72130543144490789,
  "HC3_max_error": 2.0050627824730327e-13,
  "coverage_match": true
} 
